========================================================================
                        Bochs x86 Emulator 2.6.9
========================================================================

Next at t=0 (0) [0x0000fffffff0] f000:fff0 (unk. ctxt): jmpf 0xf000:e05b

(0) Breakpoint 1, 0x04006969 in ?? ()
Next at t=116317267 (0) [0x000000006969] 000f:00006969 (unk. ctxt): mov eax, dword ptr ds:0x0002282c ; a12c280200

<bochs:1> sreg

es:0x0017, dh=0x04c0f300, dl=0x0000009f, valid=1
Data segment, base=0x04000000, limit=0x0009ffff, Read/Write, Accessed

cs:0x000f, dh=0x04c0fb00, dl=0x0000009f, valid=1
Code segment, base=0x04000000, limit=0x0009ffff, Execute/Read, Non-Conforming, Accessed, 32-bit

ss:0x0017, dh=0x04c0f300, dl=0x0000009f, valid=7
Data segment, base=0x04000000, limit=0x0009ffff, Read/Write, Accessed

ds:0x0017, dh=0x04c0f300, dl=0x0000009f, valid=3
Data segment, base=0x04000000, limit=0x0009ffff, Read/Write, Accessed

fs:0x0017, dh=0x04c0f300, dl=0x0000009f, valid=1
Data segment, base=0x04000000, limit=0x0009ffff, Read/Write, Accessed

gs:0x0017, dh=0x04c0f300, dl=0x0000009f, valid=1
Data segment, base=0x04000000, limit=0x0009ffff, Read/Write, Accessed

ldtr:0x0038, dh=0x000082ff, dl=0xf2d00068, valid=1
tr:0x0030, dh=0x00008bff, dl=0xf2e80068, valid=1
gdtr:base=0x00005cc0, limit=0x7ff
idtr:base=0x000054c0, limit=0x7ff

eax: 0x00000001
ecx: 0x00000000
edx: 0x0000000e
ebx: 0x0000000e
esp: 0x000257c0
ebp: 0x000257e8
esi: 0x000e0000
edi: 0x00000ffc
eip: 0x00006969
eflags 0x00000293

<bochs:2> info tab

LDT selector = 0x0038
LDT descriptor base = 0x00fff2d0

LDT[1]:
Code segment descriptor
base = 0x04000000
limit = 0x0009ffff

LDT[2]:
Data segment descriptor
base = 0x04000000
limit = 0x0009ffff

Logical address of mynext:
0x17:0x2282c

Linear address of mynext:
0x04000000 + 0x2282c = 0x0402282c