GNU gdb (Ubuntu 7.11.1-0ubuntu1~16.5) 7.11.1
Reading symbols from tools/system...done.

0x0000fff0 in sys_pipe (fildes=0x0) at pipe.c:86
86          j=0;

(gdb) b 155
Breakpoint 1 at 0x6969: file init/main.c, line 155.

(gdb) c
Continuing.

Breakpoint 1, main () at init/main.c:155
155                         output_char('A' + mynext);

(gdb) x/6i $eip
=> 0x6969 <main+...>:       mov    0x2282c,%eax
   0x696e <main+...>:       add    $0x41,%eax
   0x6971 <main+...>:       movsbl %al,%eax
   0x6974 <main+...>:       sub    $0xc,%esp
   0x6977 <main+...>:       push   %eax
   0x6978 <main+...>:       call   0x79ff <output_char>

(gdb) p &mynext
$1 = (int *) 0x2282c

(gdb) info reg
eax            0x1      1
ecx            0x0      0
edx            0xe      14
ebx            0xe      14
esp            0x257c0  0x257c0
ebp            0x257e8  0x257e8
esi            0xe0000  917504
edi            0xffc    4092
eip            0x6969   0x6969
eflags         0x293    [ CF AF SF IF ]
cs             0xf      15
ss             0x17     23
ds             0x17     23
es             0x17     23
fs             0x17     23
gs             0x17     23

(gdb) p/x &current->ldt
$2 = 0xfff2d0

(gdb) p/x current->ldt
$3 = {
  {a = 0x0, b = 0x0},
  {a = 0x9f, b = 0x4c0fb00},
  {a = 0x9f, b = 0x4c0f300}
}

(gdb) q
A debugging session is active.
Inferior 1 [Remote target] will be killed.
Quit anyway? (y or n) y