GNU gdb (Ubuntu 7.11.1-0ubuntu1~16.5) 7.11.1
Reading symbols from tools/system...done.

(gdb) b 155
Breakpoint 1 at 0x6969: file init/main.c, line 155.

(gdb) c
Continuing.

Breakpoint 1, main () at init/main.c:155
155                         output_char('A' + mynext);
1: current->pid = 0

(gdb) x/6i $eip
=> 0x69d9 <main+...>:       mov    0x2282c,%eax
   0x69de <main+...>:       add    $0x41,%eax
   0x69e1 <main+...>:       movsbl %al,%eax
   0x69e4 <main+...>:       sub    $0xc,%esp
   0x69e7 <main+...>:       push   %eax
   0x69e8 <main+...>:       call   0x79ff <output_char>

(gdb) p &mynext
$1 = (int *) 0x2282c <mynext>

(gdb) p/x $ds
$2 = 0x17

(gdb) p $ds>>3
$3 = 2

(gdb) p/x current->ldt
$4 = {{a = 0x0, b = 0x0}, {a = 0x9f, b = 0xc0fb00}, {a = 0x9f, b = 0xc0f300}}

(gdb) p &current->ldt
$5 = (struct desc_struct (*)[3]) 0x1ed70

(gdb) quit
A debugging session is active.

Inferior 1 [Remote target] will be killed.

Quit anyway? (y or n) y