========================================================================
                        Bochs x86 Emulator 2.6.9
========================================================================

Next at t=0
(0).[0] [0x0000fffffff0] f000:fff0 (unk. ctxt): jmpf 0xf000:e05b

<bochs:1> b 0x6988
<bochs:2> c

(0) Breakpoint 1, 0x04006988 in ?? ()
Next at t=116514057
(0) [0x000000006988] 000f:00006988 (unk. ctxt): mov dword ptr ds:0x0002282c, eax ; a32c280200

<bochs:3> sreg
es:0x0017, dh=0x04c0f300, dl=0x0000009f, valid=1
        Data segment, base=0x04000000, limit=0x0009ffff, Read/Write, Accessed
cs:0x000f, dh=0x04c0fb00, dl=0x0000009f, valid=1
        Code segment, base=0x04000000, limit=0x0009ffff, Execute/Read, Non-Conforming, Accessed, 32-bit
ss:0x0017, dh=0x04c0f300, dl=0x0000009f, valid=1
        Data segment, base=0x04000000, limit=0x0009ffff, Read/Write, Accessed
ds:0x0017, dh=0x04c0f300, dl=0x0000009f, valid=3
        Data segment, base=0x04000000, limit=0x0009ffff, Read/Write, Accessed
fs:0x0017, dh=0x04c0f300, dl=0x0000009f, valid=1
        Data segment, base=0x04000000, limit=0x0009ffff, Read/Write, Accessed
gs:0x0017, dh=0x04c0f300, dl=0x0000009f, valid=1
        Data segment, base=0x04000000, limit=0x0009ffff, Read/Write, Accessed
ldtr:0x0038, dh=0x000082ff, dl=0xf2d00068, valid=1
tr:0x0030, dh=0x00008bff, dl=0xf2e80068, valid=1
gdtr:base=0x00005cc0, limit=0x7ff
idtr:base=0x000054c0, limit=0x7ff

<bochs:4> x/wx 0x17:0x2282c
[bochs]:
0x0402282c <bogus+       0>:    0x00000001

<bochs:5> x/wx 0x0+16*4
[bochs]:
0x00000040 <bogus+       0>:    0x00ffe027

<bochs:6> x/wx 0xffe000+34*4
[bochs]:
0x00ffe088 <bogus+       0>:    0x00022065

<bochs:7> s
Next at t=116514058
(0) [0x00000000b1a0] 0008:0000b1a0 (unk. ctxt): xchg dword ptr ss:[esp], eax ; 870424

<bochs:8> creg
CR0=0x80000011: PG cd nw ac wp ne ET TS em MP PE
CR2=page fault laddr=0x0402282c
CR3=0x000000000000
        PCD=page-level cache disable=0
        PWT=page-level write-through=0
CR4=0x00000000: pke smap smep osxsave pcid fsgsbase smx vmx osxmmexcpt umip osfxsr pce pge mce pae pse de tsd pvi vme
EFER=0x00000000: ffxsr nxe lma lme sce

<bochs:9> u/26
0000b1a0: xchg dword ptr ss:[esp], eax ; 870424
0000b1a3: push ecx ; 51
0000b1a4: push edx ; 52
0000b1a5: push ds ; 1e
0000b1a6: push es ; 06
0000b1a7: push fs ; 0fa0
0000b1a9: mov edx, 0x00000010 ; ba10000000
0000b1ae: mov ds, dx ; 8eda
0000b1b0: mov es, dx ; 8ec2
0000b1b2: mov fs, dx ; 8ee2
0000b1b4: mov edx, cr2 ; 0f20d2
0000b1b7: push edx ; 52
0000b1b8: push eax ; 50
0000b1b9: test eax, 0x00000001 ; a901000000
0000b1be: jnz .+7 ; 7507
0000b1c0: call .-769 ; e8f6fcffff
0000b1c5: jmp .+5 ; eb05
0000b1c7: call .-1584 ; e8d0f9ffff
0000b1cc: add esp, 0x00000008 ; 83c408
0000b1cf: pop fs ; 0fa1
0000b1d1: pop es ; 07
0000b1d2: pop ds ; 1f
0000b1d3: pop edx ; 5a
0000b1d4: pop ecx ; 59
0000b1d5: pop eax ; 58
0000b1d6: iret ; cf

<bochs:10> b 0xb1d5
<bochs:11> c

(0) Breakpoint 2, 0x0000b1d5 in ?? ()
Next at t=116516202
(0) [0x00000000b1d5] 0008:0000b1d5 (unk. ctxt): pop eax ; 58

<bochs:12> s
Next at t=116516203
(0) [0x00000000b1d6] 0008:0000b1d6 (unk. ctxt): iret ; cf

<bochs:13> s
Next at t=116516204
(0) [0x000000006988] 000f:00006988 (unk. ctxt): mov dword ptr ds:0x0002282c, eax ; a32c280200

<bochs:14> x/wx 0x0+16*4
[bochs]:
0x00000040 <bogus+       0>:    0x00ffe027

<bochs:15> x/wx 0xffe000+34*4
[bochs]:
0x00ffe088 <bogus+       0>:    0x00ffc007

<bochs:16> s
Next at t=116516205
(0) [0x00000000698d] 000f:0000698d (unk. ctxt): mov dword ptr ss:[ebp-24], 0x00000001 ; c745e801000000

<bochs:17> xp/wx 0xffc82c
[bochs]:
0x00ffc82c <bogus+       0>:    0x00000002

<bochs:18> xp/wx 0x2282c
[bochs]:
0x0002282c <bogus+       0>:    0x00000001

<bochs:19> quit