========================================================================
                        Bochs x86 Emulator 2.6.9
========================================================================

Bochs x86 emulator, http://bochs.sourceforge.net/
Bochs BIOS - build: 02/16/17
ata0 master: Generic 1234 ATA-6 Hard-Disk ( 10 MBytes )

Booting from Floppy...
Loading system ...

Partition table ok.
5110/10240 free blocks
3220/3424 free inodes
3437 buffers = 3519488 bytes buffer space
Free mem: 12582912 bytes
Ok.

[/usr/root]# hexdump /bin/sh | less
00000000 010b 0000 f000 0002 3000 0000 12a8 0000
00000010 0000 0000 0000 0000 0000 0000 0000 0000
*
00000400 448b 0824 00a3 02f0 e800 0126 0000 006a
00000410 37e8 028c eb00 00f9 7355 7265 0020 6162
00000420 6873 245c 0020 6162 6873 003e 2f7e 622e
00000430 7361 7268 0063 6564 7562 0067 6f6e 6372
00000440 6e00 706f 6f72 6966 656c 7200 6663 6c69
00000450 0065 6576 7372 6f69 006e 7571 6569 0074
00000460 6f6c 6967 006e 6f6e 696c 6e65 6465 7469
00000470 6e69 0067 6f6e 72f2 6361 6565 7078 6e61
00000480 6973 6e6f 7300 0068 7325 203a 6c46 6761
00000490 6a20 7325 2027 7865 6570 7463 6465 6120
000004a0 206e 72a1 7567 65d 746e 6000 6325 2763
000004b0 7220 7165 6975 6572 2073 6e61 6120 6772
000004c0 6d75 6e65 0074 6325 6325 203a 6162 2064
000004d0 706f 6974 6e6f 4500 414d 5343 7400 5000
000004e0 3153 5000 3253 2f00 7465 2f63 7270 666f
000004f0 6c69 0065 2f7e 702e 6f72 6966 656c 7e00
00000500 2e2f 6162 6873 705f 6f72 6966 656c 7e00
00000510 2e2f 6162 6873 6c5f 676f 6e69 5000 5441
00000520 0048 4e45 0056 632d 4800 5349 4654 4c49
00000530 0045 0072 8955 83e5 40ec c753 f845 0001
00000540 0000 45c7 48f4 030a c700 f045 0000 0000
q
[/usr/root]#