========================================================================
                        Bochs x86 Emulator 2.6.9
========================================================================

Next at t=0
(0).[0] [0x0000fffffff0] f000:fff0 (unk. ctxt): jmpf 0xf000:e05b

<bochs:1> b 0x6908
<bochs:2> c
(0) Breakpoint 1, 0x00006908 in ?? ()
Next at t=116110425
(0) [0x000000006908] 000f:00006908 (unk. ctxt): int 0x80

<bochs:3> x/wx 0x1fa20
[bochs]:
0x0001fa20 <bogus+       0>:    0x0001ea20

<bochs:4> info tab
cr3: 0x000000000000
0x00000000-0x00ffffff -> 0x000000000000-0x000000ffffff

<bochs:5> x/40wx 0x0
[bochs]:
0x00000000 <bogus+       0>:    0x00001027    0x00002007    0x00003007    0x00004007
0x00000010 <bogus+      16>:    0x00000000    0x00000000    0x00000000    0x00000000
0x00000020 <bogus+      32>:    0x00000000    0x00000000    0x00000000    0x00000000
0x00000030 <bogus+      48>:    0x00000000    0x00000000    0x00000000    0x00000000
0x00000040 <bogus+      64>:    0x00000000    0x00000000    0x00000000    0x00000000
0x00000050 <bogus+      80>:    0x00000000    0x00000000    0x00000000    0x00000000
0x00000060 <bogus+      96>:    0x00000000    0x00000000    0x00000000    0x00000000
0x00000070 <bogus+     112>:    0x00000000    0x00000000    0x00000000    0x00000000
0x00000080 <bogus+     128>:    0x00000000    0x00000000    0x00000000    0x00000000
0x00000090 <bogus+     144>:    0x00000000    0x00000000    0x00000000    0x00000000

<bochs:6> next
Next at t=116117124
(0) [0x00000000690a] 000f:0000690a (unk. ctxt): mov dword ptr ss:[ebp-28], eax

<bochs:7> info tab
cr3: 0x000000000000
0x00000000-0x00ffffff -> 0x000000000000-0x000000ffffff
0x04000000-0x0409ffff -> 0x000000000000-0x00000009ffff

<bochs:8> x/40wx 0x0
[bochs]:
0x00000000 <bogus+       0>:    0x00001027    0x00002007    0x00003007    0x00004027
0x00000010 <bogus+      16>:    0x00000000    0x00000000    0x00000000    0x00000000
0x00000020 <bogus+      32>:    0x00000000    0x00000000    0x00000000    0x00000000
0x00000030 <bogus+      48>:    0x00000000    0x00000000    0x00000000    0x00000000
0x00000040 <bogus+      64>:    0x00ffe007    0x00000000    0x00000000    0x00000000
0x00000050 <bogus+      80>:    0x00000000    0x00000000    0x00000000    0x00000000
0x00000060 <bogus+      96>:    0x00000000    0x00000000    0x00000000    0x00000000
0x00000070 <bogus+     112>:    0x00000000    0x00000000    0x00000000    0x00000000
0x00000080 <bogus+     128>:    0x00000000    0x00000000    0x00000000    0x00000000
0x00000090 <bogus+     144>:    0x00000000    0x00000000    0x00000000    0x00000000

<bochs:9> quit